
[1m[46m RUN [49m[22m [36mv4.1.0 [39m[90mC:/Users/irene/OneDrive/Escritorio/MoldCheck_2[39m


[2m Test Files [22m [1m[32m1 passed[39m[22m[90m (1)[39m
[2m      Tests [22m [1m[32m1 passed[39m[22m[90m (1)[39m
[2m   Start at [22m 18:15:29
[2m   Duration [22m 545ms[2m (transform 84ms, setup 177ms, import 88ms, tests 65ms, environment 0ms)[22m

